
 SP18203.COB                             Fri Oct 05 12:11:36 2018    Page   1
 line number source line   Microsoft COBOL                       Version 2.20

   1         IDENTIFICATION DIVISION.
   2         PROGRAM-ID. SP18203.
   3         AUTHOR. WILLIAM RODRIGUES BRITO.
   4        **************************************
   5        * MANUTENCAO DO CADASTRO DE CEP   *
   6        **************************************
   7        *----------------------------------------------------------------
   8         ENVIRONMENT DIVISION.
   9         CONFIGURATION SECTION.
  10         SPECIAL-NAMES.
  11                           DECIMAL-POINT IS COMMA.
  12         INPUT-OUTPUT SECTION.
  13         FILE-CONTROL.
  14         SELECT CEP ASSIGN TO DISK
  15                      ORGANIZATION IS INDEXED
  16                      ACCESS MODE  IS DYNAMIC
  17                      RECORD KEY   IS CEP-COD
  18                      FILE STATUS  IS ST-ERRO
  19                      ALTERNATE RECORD KEY IS CEP-LOG
  20                                              WITH DUPLICATES.
  21        *
  22        *-----------------------------------------------------------------
  23         DATA DIVISION.
  24         FILE SECTION.
  25         FD CEP
  26                 LABEL RECORD IS STANDARD
  27                 VALUE OF FILE-ID IS "CEP.DAT".
  28         01 REGCEP.
  29                  03 CEP-COD          PIC 99999,999.
  30                  03 CEP-LOG          PIC X(35).
  31                  03 CEP-BAIR         PIC X(20).
  32                  03 CEP-CID          PIC X(12).
  33                  03 CEP-UF           PIC X(02).
  34                  03 CEP-UFC          PIC X(20).
  35                  03 CEP-LONG         PIC X(12).
  36                  03 CEP-LATI         PIC X(12).
  37                  03 CEP-CODRC        PIC 9(01).
  38                  03 CEP-RC           PIC X(12).
  39        *
  40        *-----------------------------------------------------------------
  41         WORKING-STORAGE SECTION.
  42         77 W-SEL        PIC 9(01) VALUE ZEROS.
  43         77 W-CONT       PIC 9(06) VALUE ZEROS.
  44         77 W-OPCAO      PIC X(01) VALUE SPACES.
  45         77 ST-ERRO      PIC X(02) VALUE "00".
  46         77 W-ACT        PIC 9(02) VALUE ZEROS.
  47         77 MENS         PIC X(50) VALUE SPACES.
  48         77 LIMPA        PIC X(50) VALUE SPACES.
  49        *
  50         01 TABCEP.
  51            03 TN1 PIC X(48) VALUE
  52            "NORTE       NORDESTE    SUL         SUDOESTE  ".
  53            03 TN2 PIC X(48) VALUE
  54            "LESTE       OESTE       CENTRO      RURAL     ".
  55            03 TN3 PIC X(12) VALUE "NAO INFORMDO".
  56    
  57         01 TABAUX1 REDEFINES TABCEP.

 SP18203.COB                             Fri Oct 05 12:11:36 2018    Page   2
 line number source line   Microsoft COBOL                       Version 2.20

  58             03 TDCEP       PIC X(12) OCCURS 10 TIMES.
  59        *---------------------------------------------------------
  60         SCREEN SECTION.
  61         01  SP18203.
  62             05  LINE 02  COLUMN 01
  63                 VALUE  "                         CADASTRO DE CEP".
  64             05  LINE 04  COLUMN 01
  65                 VALUE  "           CODIGO".
  66             05  LINE 06  COLUMN 01
  67                 VALUE  "           LOGRADOURO".
  68             05  LINE 08  COLUMN 01
  69                 VALUE  "           BAIRRO".
  70             05  LINE 10  COLUMN 01
  71                 VALUE  "           CIDADE".
  72             05  LINE 12  COLUMN 01
  73                 VALUE  "           UF                    -".
  74             05  LINE 14  COLUMN 01
  75                 VALUE  "           LONGITUDE".
  76             05  LINE 16  COLUMN 01
  77                 VALUE  "           LATITUDE".
  78             05  LINE 18  COLUMN 01
  79                 VALUE  "           REGIAO DA CIDADE     -".
  80             05  TCOD
  81                 LINE 04  COLUMN 31  PIC 99999,999
  82                 USING  CEP-COD
  83                 HIGHLIGHT.
  84             05  TLOG
  85                 LINE 06  COLUMN 31  PIC X(35)
  86                 USING  CEP-LOG
  87                 HIGHLIGHT.
  88             05  TBAIR
  89                 LINE 08  COLUMN 31  PIC X(20)
  90                 USING  CEP-BAIR
  91                 HIGHLIGHT.
  92             05  TCID
  93                 LINE 10  COLUMN 31  PIC X(20)
  94                 USING  CEP-CID
  95                 HIGHLIGHT.
  96             05  TUF
  97                 LINE 12  COLUMN 31  PIC X(02)
  98                 USING  CEP-UF
  99                 HIGHLIGHT.
 100             05  TUFC
 101                 LINE 12  COLUMN 36  PIC X(20)
 102                 USING  CEP-UFC
 103                 HIGHLIGHT.
 104             05  TLONG
 105                 LINE 14  COLUMN 31  PIC X(12)
 106                 USING  CEP-LONG
 107                 HIGHLIGHT.
 108             05  TLATI
 109                 LINE 16  COLUMN 31  PIC X(12)
 110                 USING  CEP-LATI
 111                 HIGHLIGHT.
 112             05  TCODRC
 113                 LINE 18  COLUMN 31  PIC 9(01)
 114                 USING  CEP-CODRC

 SP18203.COB                             Fri Oct 05 12:11:36 2018    Page   3
 line number source line   Microsoft COBOL                       Version 2.20

 115                 HIGHLIGHT.
 116             05  TRC
 117                 LINE 18  COLUMN 35  PIC X(12)
 118                 USING  CEP-RC
 119                 HIGHLIGHT.
 120        *-----------------------------------------------------------------
 121         PROCEDURE DIVISION.
 122         INICIO.
 123        *
 124         INC-OP0.
 125             OPEN I-O CEP
 126             IF ST-ERRO NOT = "00"
 127                 IF ST-ERRO = "30"
 128                        OPEN OUTPUT CEP
 129                        MOVE "*** ARQUIVOCEP SENDO CRIADO **" TO MENS
 130                        PERFORM ROT-MENS THRU ROT-MENS-FIM
 131                        CLOSE CEP
 132                        GO TO INC-OP0
 133                     ELSE
 134                        MOVE "ERRO NA ABERTURA DO ARQUIVO CEP" TO MENS
 135                        PERFORM ROT-MENS THRU ROT-MENS-FIM
 136                        GO TO ROT-FIM
 137                  ELSE
 138                      NEXT SENTENCE.
 139         INC-001.
 140                  MOVE ZEROS  TO CEP-COD CEP-CODRC
 141    
 142                  MOVE SPACES TO CEP-LOG CEP-BAIR CEP-CID CEP-UF CEP-UFC
 143                                 CEP-LONG CEP-LATI CEP-RC
 144    
 145                  DISPLAY SP18203.
 146    
 147         INC-002.
 148                  ACCEPT TCOD
 149                  ACCEPT W-ACT FROM ESCAPE KEY
 150                   IF W-ACT = 02
 151                     CLOSE CEP
 152                     GO TO ROT-FIM.
 153                  IF CEP-COD = ZEROS
 154                     MOVE "*** COD INVALIDO ***" TO MENS
 155                     PERFORM ROT-MENS THRU ROT-MENS-FIM
 156                     GO TO INC-002.
 157         LER-CEP.
 158                  MOVE 0 TO W-SEL
 159                  READ CEP
 160                  IF ST-ERRO NOT = "23"
 161                     IF ST-ERRO = "00"
 162                        DISPLAY SP18203
 163                        MOVE "***CEP JA CADASTRAD0 ***" TO MENS
 164                        PERFORM ROT-MENS THRU ROT-MENS-FIM
 165                        MOVE 1 TO W-SEL
 166                        GO TO ACE-001
 167                     ELSE
 168                        MOVE "ERRO NA LEITURA ARQUIVO PRODUTO"   TO MENS
 169                        PERFORM ROT-MENS THRU ROT-MENS-FIM
 170                        GO TO ROT-FIM
 171                  ELSE

 SP18203.COB                             Fri Oct 05 12:11:36 2018    Page   4
 line number source line   Microsoft COBOL                       Version 2.20

 172                     NEXT SENTENCE.
 173         INC-003.
 174                  ACCEPT TLOG
 175                  ACCEPT W-ACT FROM ESCAPE KEY
 176                  IF CEP-LOG = SPACES
 177                       MOVE "****PREENCHA O DENOM DOCEP****" TO MENS
 178                       PERFORM ROT-MENS THRU ROT-MENS-FIM
 179                       GO TO INC-003
 180                  IF W-ACT = 02 GO TO INC-002.
 181         INC-004.
 182                  ACCEPT TBAIR
 183                  ACCEPT W-ACT FROM ESCAPE KEY
 184                  IF CEP-BAIR = SPACES
 185                      MOVE "****PREENCHA O TS DOCEP****" TO MENS
 186                      PERFORM ROT-MENS THRU ROT-MENS-FIM
 187                      GO TO INC-004
 188                  IF W-ACT = 02 GO TO INC-003.
 189         INC-005.
 190                  ACCEPT TCID
 191                  ACCEPT W-ACT FROM ESCAPE KEY
 192                  IF CEP-CID = ZEROS
 193                      MOVE "****PREENCHA O NIVEL DOCEP****" TO MENS
 194                      PERFORM ROT-MENS THRU ROT-MENS-FIM
 195                      GO TO INC-005
 196                  IF W-ACT = 02 GO TO INC-004.
 197         INC-006.
 198                  ACCEPT  TUF
 199                  ACCEPT W-ACT FROM ESCAPE KEY
 200                  IF CEP-UF = SPACES
 201                      MOVE "****PREENCHA O SALB DOCEP****" TO MENS
 202                      PERFORM ROT-MENS THRU ROT-MENS-FIM
 203                      GO TO INC-006
 204                  ELSE
 205                  IF CEP-UF = 'AC'
 206                      MOVE "ACRE" TO CEP-UFC
 207                  ELSE IF CEP-UF = 'AL'
 208                          MOVE "ALAGOAS" TO CEP-UFC
 209                  ELSE IF CEP-UF = 'AM'
 210                          MOVE "AMAZONAS" TO CEP-UFC
 211                  ELSE IF CEP-UF = 'AP'
 212                          MOVE "AMAPA" TO CEP-UFC
 213                  ELSE IF CEP-UF = 'BA'
 214                          MOVE "BAHIA" TO CEP-UFC
 215                  ELSE IF CEP-UF = 'CE'
 216                          MOVE "CEARA" TO CEP-UFC
 217                  ELSE IF CEP-UF = 'DF'
 218                          MOVE "DISTRITO F" TO CEP-UFC
 219                  ELSE IF CEP-UF = 'ES'
 220                          MOVE "ESP SANTO" TO CEP-UFC
 221                  ELSE IF CEP-UF = 'GO'
 222                          MOVE "GOIAS" TO CEP-UFC
 223                  ELSE IF CEP-UF = 'MA'
 224                          MOVE "MARANHAO" TO CEP-UFC
 225                  ELSE IF CEP-UF = 'MT'
 226                          MOVE "MATO GROS" TO CEP-UFC
 227                  ELSE IF CEP-UF = 'MS'
 228                          MOVE "MAT GROS SUL" TO CEP-UFC

 SP18203.COB                             Fri Oct 05 12:11:36 2018    Page   5
 line number source line   Microsoft COBOL                       Version 2.20

 229                  ELSE IF CEP-UF = 'MG'
 230                          MOVE "MINAS GEIS" TO CEP-UFC
 231                  ELSE IF CEP-UF = 'PA'
 232                          MOVE "PARA" TO CEP-UFC
 233                  ELSE IF CEP-UF = 'MG'
 234                          MOVE "PARAIBA" TO CEP-UFC
 235                  ELSE IF CEP-UF = 'PB'
 236                          MOVE "PARA" TO CEP-UFC
 237                  ELSE IF CEP-UF = 'PB'
 238                          MOVE "PARAIBA" TO CEP-UFC
 239                  ELSE IF CEP-UF = 'PR'
 240                          MOVE "PARANA" TO CEP-UFC
 241                  ELSE IF CEP-UF = 'PE'
 242                          MOVE "PERNAMBCO" TO CEP-UFC
 243                  ELSE IF CEP-UF = 'PI'
 244                          MOVE "PIAUI" TO CEP-UFC
 245                  ELSE IF CEP-UF = 'RJ'
 246                          MOVE "RIO DE JEI" TO CEP-UFC
 247                  ELSE IF CEP-UF = 'RN'
 248                          MOVE "R GRAND NT" TO CEP-UFC
 249                  ELSE IF CEP-UF = 'RS'
 250                          MOVE "R GRAND SL" TO CEP-UFC
 251                  ELSE IF CEP-UF = 'RO'
 252                          MOVE "RONDONIA" TO CEP-UFC
 253                  ELSE IF CEP-UF = 'RR'
 254                          MOVE "RORAIMA" TO CEP-UFC
 255                  ELSE IF CEP-UF = 'SC'
 256                          MOVE "SANTA CAT" TO CEP-UFC
 257                  ELSE IF CEP-UF = 'SP'
 258                          MOVE "SAO PAULO" TO CEP-UFC
 259                  ELSE IF CEP-UF = 'SE'
 260                          MOVE "SERGIPE" TO CEP-UFC
 261                  ELSE IF CEP-UF = 'TO'
 262                          MOVE "TOCANTINS" TO CEP-UFC
 263                          ELSE
 264                              MOVE "***PREENCHA O TS INVALIDO***" TO MENS
 265                                  PERFORM ROT-MENS THRU ROT-MENS-FIM
 266                                  GO TO INC-004
 267                  IF W-ACT = 02 GO TO INC-005.
 268         INC-007.
 269                  ACCEPT TLONG
 270                  ACCEPT W-ACT FROM ESCAPE KEY
 271                  IF CEP-LONG = SPACES
 272                      MOVE "****PREENCHA O TRISC DOCEP****" TO MENS
 273                      PERFORM ROT-MENS THRU ROT-MENS-FIM
 274                      GO TO INC-007
 275                  IF W-ACT = 02 GO TO INC-006.
 276         INC-008.
 277                  ACCEPT TLATI
 278                  ACCEPT W-ACT FROM ESCAPE KEY
 279                  IF CEP-LATI = SPACES
 280                      MOVE "****PREENCHA O TSITU DOCEP****" TO MENS
 281                      PERFORM ROT-MENS THRU ROT-MENS-FIM
 282                      GO TO INC-008
 283                  IF W-ACT = 02 GO TO INC-007.
 284         INC-009.
 285                  ACCEPT TCODRC

 SP18203.COB                             Fri Oct 05 12:11:36 2018    Page   6
 line number source line   Microsoft COBOL                       Version 2.20

 286                  ACCEPT W-ACT FROM ESCAPE KEY
 287                  IF CEP-CODRC = ZEROS
 288                      MOVE "****PREENCHA O TSITU DOCEP****" TO MENS
 289                      PERFORM ROT-MENS THRU ROT-MENS-FIM
 290                      GO TO INC-009
 291                  IF W-ACT = 02 GO TO INC-008.
 292        *
 293                  IF W-SEL = 1
 294                                GO TO ALT-OPC.
 295                  MOVE TDCEP(CEP-CODRC)  TO CEP-RC
 296                  DISPLAY SP18203.
 297         INC-OPC.
 298                  MOVE "S" TO W-OPCAO
 299                  DISPLAY (24, 40) "DADOS OK (S/N) : ".
 300                  ACCEPT (24, 57) W-OPCAO WITH UPDATE
 301                  ACCEPT W-ACT FROM ESCAPE KEY
 302                  IF W-ACT = 02 GO TO INC-008.
 303                  IF W-OPCAO = "N" OR "n"
 304                     MOVE "*** DADOS RECUSADOS PELO USUARIO ***" TO MENS
 305                     PERFORM ROT-MENS THRU ROT-MENS-FIM
 306                     GO TO INC-001.
 307                  IF W-OPCAO NOT = "S" AND "s"
 308                     MOVE "*** DIGITE APENAS S=SIM e N=NAO ***" TO MENS
 309                     PERFORM ROT-MENS THRU ROT-MENS-FIM
 310                     GO TO INC-OPC.
 311         INC-WR1.
 312                  WRITE REGCEP
 313                  IF ST-ERRO = "00" OR "02"
 314                        MOVE "*** DADOS GRAVADOS *** " TO MENS
 315                        PERFORM ROT-MENS THRU ROT-MENS-FIM
 316                        GO TO INC-001.
 317                  IF ST-ERRO = "22"
 318                        MOVE "***CEP JA EXISTE ***       " TO MENS
 319                        PERFORM ROT-MENS THRU ROT-MENS-FIM
 320                        GO TO INC-001
 321                  ELSE
 322                        MOVE "ERRO NA GRAVACAO DO ARQUIVO DE CEP"
 323                                                         TO MENS
 324                        PERFORM ROT-MENS THRU ROT-MENS-FIM
 325                        GO TO ROT-FIM.
 326        *
 327        *****************************************
 328        * ROTINA DE CONSULTA/ALTERACAO/EXCLUSAO *
 329        *****************************************
 330        *
 331         ACE-001.
 332                  DISPLAY (24, 12)
 333                       "F1=NOVO REGISTRO   F2=ALTERAR   F3=EXCLUIR"
 334                  ACCEPT (24, 55) W-OPCAO
 335                  ACCEPT W-ACT FROM ESCAPE KEY
 336                  IF W-ACT NOT = 02 AND W-ACT NOT = 03 AND W-ACT NOT = 04
 337                     GO TO ACE-001.
 338                  MOVE SPACES TO MENS
 339                  DISPLAY (24, 12) MENS
 340                  IF W-ACT = 02
 341                     MOVE 02 TO W-SEL
 342                     GO TO INC-001.

 SP18203.COB                             Fri Oct 05 12:11:36 2018    Page   7
 line number source line   Microsoft COBOL                       Version 2.20

 343                  IF W-ACT = 03
 344                     GO TO INC-003.
 345        *
 346         EXC-OPC.
 347                  DISPLAY (24, 40) "EXCLUIR   (S/N) : ".
 348                  ACCEPT (24, 57) W-OPCAO
 349                  IF W-OPCAO = "N" OR "n"
 350                     MOVE "*** REGISTRO NAO EXCLUIDO ***" TO MENS
 351                     PERFORM ROT-MENS THRU ROT-MENS-FIM
 352                     GO TO INC-001.
 353                  IF W-OPCAO NOT = "S" AND "s"
 354                     MOVE "*** DIGITE APENAS S=SIM  e  N=NAO ***" TO MENS
 355                     PERFORM ROT-MENS THRU ROT-MENS-FIM
 356                     GO TO EXC-OPC.
 357         EXC-DL1.
 358                  DELETE CEP RECORD
 359                  IF ST-ERRO = "00"
 360                     MOVE "*** REGISTRO EXCLUIDO ***           " TO MENS
 361                     PERFORM ROT-MENS THRU ROT-MENS-FIM
 362                     GO TO INC-001.
 363                  MOVE "ERRO NA EXCLUSAO DO REGISTRO "   TO MENS
 364                  PERFORM ROT-MENS THRU ROT-MENS-FIM
 365                  GO TO ROT-FIM.
 366        *
 367         ALT-OPC.
 368                  DISPLAY (24, 40) "ALTERAR  (S/N) : ".
 369                  ACCEPT (24, 57) W-OPCAO
 370                  ACCEPT W-ACT FROM ESCAPE KEY
 371                  IF W-ACT = 02 GO TO INC-005.
 372                  IF W-OPCAO = "N" OR "n"
 373                     MOVE "*** INFORMACOES NAO ALTERADAS *** " TO MENS
 374                     PERFORM ROT-MENS THRU ROT-MENS-FIM
 375                     GO TO INC-001.
 376                  IF W-OPCAO NOT = "S" AND "s"
 377                     MOVE "*** DIGITE APENAS S=SIM  e  N=NAO ***" TO MENS
 378                     PERFORM ROT-MENS THRU ROT-MENS-FIM
 379                     GO TO ALT-OPC.
 380         ALT-RW1.
 381                  REWRITE REGCEP
 382                  IF ST-ERRO = "00" OR "02"
 383                     MOVE "*** REGISTRO ALTERADO ***         " TO MENS
 384                     PERFORM ROT-MENS THRU ROT-MENS-FIM
 385                     GO TO INC-001.
 386                  MOVE "ERRO NA EXCLUSAO DO REGISTRO PRODUTO"   TO MENS
 387                  PERFORM ROT-MENS THRU ROT-MENS-FIM
 388                  GO TO ROT-FIM.
 389        *
 390        **********************
 391        * ROTINA DE FIM      *
 392        **********************
 393        *
 394         ROT-FIM.
 395                  DISPLAY (01, 01) ERASE
 396                  EXIT PROGRAM.
 397         ROT-FIMP.
 398                  EXIT PROGRAM.
 399    

 SP18203.COB                             Fri Oct 05 12:11:36 2018    Page   8
 line number source line   Microsoft COBOL                       Version 2.20

 400         ROT-FIMS.
 401                  STOP RUN.
 402        *
 403        **********************
 404        * ROTINA DE MENSAGEM *
 405        **********************
 406        *
 407         ROT-MENS.
 408                  MOVE ZEROS TO W-CONT.
 409         ROT-MENS1.
 410                 DISPLAY (24, 12) MENS.
 411         ROT-MENS2.
 412                  ADD 1 TO W-CONT
 413                  IF W-CONT < 1000
 414                     GO TO ROT-MENS2
 415                  ELSE
 416                     DISPLAY (24, 12) LIMPA.
 417         ROT-MENS-FIM.
 418                  EXIT.
 419         ROT-ALFA-FIM.
0121:Key field should be alphanumeric or group item. CEP-COD 

    1 error  or warning 

   Data area size =  2266
   Code area size =  3600

